  Determining projects to restore...
  All projects are up-to-date for restore.
C:\Program Files\dotnet\sdk\10.0.102\Microsoft.Common.CurrentVersion.targets(5381,5): warning MSB3026: Could not copy "E:\NET202_CT\Manage-KPI-or-OKR-System\obj\Debug\net10.0\apphost.exe" to "bin\Debug\net10.0\Manage-KPI-or-OKR-System.exe". Beginning retry 1 in 1000ms. The process cannot access the file 'E:\NET202_CT\Manage-KPI-or-OKR-System\bin\Debug\net10.0\Manage-KPI-or-OKR-System.exe' because it is being used by another process. The file is locked by: "Manage-KPI-or-OKR-System (9040)" [E:\NET202_CT\Manage-KPI-or-OKR-System\Manage-KPI-or-OKR-System.csproj]
C:\Program Files\dotnet\sdk\10.0.102\Microsoft.Common.CurrentVersion.targets(5381,5): warning MSB3026: Could not copy "E:\NET202_CT\Manage-KPI-or-OKR-System\obj\Debug\net10.0\apphost.exe" to "bin\Debug\net10.0\Manage-KPI-or-OKR-System.exe". Beginning retry 2 in 1000ms. The process cannot access the file 'E:\NET202_CT\Manage-KPI-or-OKR-System\bin\Debug\net10.0\Manage-KPI-or-OKR-System.exe' because it is being used by another process. The file is locked by: "Manage-KPI-or-OKR-System (9040)" [E:\NET202_CT\Manage-KPI-or-OKR-System\Manage-KPI-or-OKR-System.csproj]
C:\Program Files\dotnet\sdk\10.0.102\Microsoft.Common.CurrentVersion.targets(5381,5): warning MSB3026: Could not copy "E:\NET202_CT\Manage-KPI-or-OKR-System\obj\Debug\net10.0\apphost.exe" to "bin\Debug\net10.0\Manage-KPI-or-OKR-System.exe". Beginning retry 3 in 1000ms. The process cannot access the file 'E:\NET202_CT\Manage-KPI-or-OKR-System\bin\Debug\net10.0\Manage-KPI-or-OKR-System.exe' because it is being used by another process. The file is locked by: "Manage-KPI-or-OKR-System (9040)" [E:\NET202_CT\Manage-KPI-or-OKR-System\Manage-KPI-or-OKR-System.csproj]
C:\Program Files\dotnet\sdk\10.0.102\Microsoft.Common.CurrentVersion.targets(5381,5): warning MSB3026: Could not copy "E:\NET202_CT\Manage-KPI-or-OKR-System\obj\Debug\net10.0\apphost.exe" to "bin\Debug\net10.0\Manage-KPI-or-OKR-System.exe". Beginning retry 4 in 1000ms. The process cannot access the file 'E:\NET202_CT\Manage-KPI-or-OKR-System\bin\Debug\net10.0\Manage-KPI-or-OKR-System.exe' because it is being used by another process. The file is locked by: "Manage-KPI-or-OKR-System (9040)" [E:\NET202_CT\Manage-KPI-or-OKR-System\Manage-KPI-or-OKR-System.csproj]
C:\Program Files\dotnet\sdk\10.0.102\Microsoft.Common.CurrentVersion.targets(5381,5): warning MSB3026: Could not copy "E:\NET202_CT\Manage-KPI-or-OKR-System\obj\Debug\net10.0\apphost.exe" to "bin\Debug\net10.0\Manage-KPI-or-OKR-System.exe". Beginning retry 5 in 1000ms. The process cannot access the file 'E:\NET202_CT\Manage-KPI-or-OKR-System\bin\Debug\net10.0\Manage-KPI-or-OKR-System.exe' because it is being used by another process. The file is locked by: "Manage-KPI-or-OKR-System (9040)" [E:\NET202_CT\Manage-KPI-or-OKR-System\Manage-KPI-or-OKR-System.csproj]
C:\Program Files\dotnet\sdk\10.0.102\Microsoft.Common.CurrentVersion.targets(5381,5): warning MSB3026: Could not copy "E:\NET202_CT\Manage-KPI-or-OKR-System\obj\Debug\net10.0\apphost.exe" to "bin\Debug\net10.0\Manage-KPI-or-OKR-System.exe". Beginning retry 6 in 1000ms. The process cannot access the file 'E:\NET202_CT\Manage-KPI-or-OKR-System\bin\Debug\net10.0\Manage-KPI-or-OKR-System.exe' because it is being used by another process. The file is locked by: "Manage-KPI-or-OKR-System (9040)" [E:\NET202_CT\Manage-KPI-or-OKR-System\Manage-KPI-or-OKR-System.csproj]
C:\Program Files\dotnet\sdk\10.0.102\Microsoft.Common.CurrentVersion.targets(5381,5): warning MSB3026: Could not copy "E:\NET202_CT\Manage-KPI-or-OKR-System\obj\Debug\net10.0\apphost.exe" to "bin\Debug\net10.0\Manage-KPI-or-OKR-System.exe". Beginning retry 7 in 1000ms. The process cannot access the file 'E:\NET202_CT\Manage-KPI-or-OKR-System\bin\Debug\net10.0\Manage-KPI-or-OKR-System.exe' because it is being used by another process. The file is locked by: "Manage-KPI-or-OKR-System (9040)" [E:\NET202_CT\Manage-KPI-or-OKR-System\Manage-KPI-or-OKR-System.csproj]
C:\Program Files\dotnet\sdk\10.0.102\Microsoft.Common.CurrentVersion.targets(5381,5): warning MSB3026: Could not copy "E:\NET202_CT\Manage-KPI-or-OKR-System\obj\Debug\net10.0\apphost.exe" to "bin\Debug\net10.0\Manage-KPI-or-OKR-System.exe". Beginning retry 8 in 1000ms. The process cannot access the file 'E:\NET202_CT\Manage-KPI-or-OKR-System\bin\Debug\net10.0\Manage-KPI-or-OKR-System.exe' because it is being used by another process. The file is locked by: "Manage-KPI-or-OKR-System (9040)" [E:\NET202_CT\Manage-KPI-or-OKR-System\Manage-KPI-or-OKR-System.csproj]
C:\Program Files\dotnet\sdk\10.0.102\Microsoft.Common.CurrentVersion.targets(5381,5): warning MSB3026: Could not copy "E:\NET202_CT\Manage-KPI-or-OKR-System\obj\Debug\net10.0\apphost.exe" to "bin\Debug\net10.0\Manage-KPI-or-OKR-System.exe". Beginning retry 9 in 1000ms. The process cannot access the file 'E:\NET202_CT\Manage-KPI-or-OKR-System\bin\Debug\net10.0\Manage-KPI-or-OKR-System.exe' because it is being used by another process. The file is locked by: "Manage-KPI-or-OKR-System (9040)" [E:\NET202_CT\Manage-KPI-or-OKR-System\Manage-KPI-or-OKR-System.csproj]
