  Determining projects to restore...
  All projects are up-to-date for restore.
E:\NET202_CT\Manage-KPI-or-OKR-System\Migrations\20260406021200_database.cs(8,26): warning CS8981: The type name 'database' only contains lower-cased ascii characters. Such names may become reserved for the language. [E:\NET202_CT\Manage-KPI-or-OKR-System\Manage-KPI-or-OKR-System.csproj]
E:\NET202_CT\Manage-KPI-or-OKR-System\Migrations\20260406021200_database.Designer.cs(16,19): warning CS8981: The type name 'database' only contains lower-cased ascii characters. Such names may become reserved for the language. [E:\NET202_CT\Manage-KPI-or-OKR-System\Manage-KPI-or-OKR-System.csproj]
E:\NET202_CT\Manage-KPI-or-OKR-System\Controllers\EvaluationPeriodsController.cs(114,33): warning CS8629: Nullable value type may be null. [E:\NET202_CT\Manage-KPI-or-OKR-System\Manage-KPI-or-OKR-System.csproj]
E:\NET202_CT\Manage-KPI-or-OKR-System\Controllers\EvaluationPeriodsController.cs(114,55): warning CS8629: Nullable value type may be null. [E:\NET202_CT\Manage-KPI-or-OKR-System\Manage-KPI-or-OKR-System.csproj]
E:\NET202_CT\Manage-KPI-or-OKR-System\Views\OKRs\Create.cshtml(74,70): warning CS8602: Dereference of a possibly null reference. [E:\NET202_CT\Manage-KPI-or-OKR-System\Manage-KPI-or-OKR-System.csproj]
E:\NET202_CT\Manage-KPI-or-OKR-System\Views\OKRs\Create.cshtml(119,67): warning CS8602: Dereference of a possibly null reference. [E:\NET202_CT\Manage-KPI-or-OKR-System\Manage-KPI-or-OKR-System.csproj]
E:\NET202_CT\Manage-KPI-or-OKR-System\Views\OKRs\Create.cshtml(138,67): warning CS8602: Dereference of a possibly null reference. [E:\NET202_CT\Manage-KPI-or-OKR-System\Manage-KPI-or-OKR-System.csproj]
E:\NET202_CT\Manage-KPI-or-OKR-System\Views\OKRs\Create.cshtml(157,67): warning CS8602: Dereference of a possibly null reference. [E:\NET202_CT\Manage-KPI-or-OKR-System\Manage-KPI-or-OKR-System.csproj]
C:\Program Files\dotnet\sdk\10.0.102\Microsoft.Common.CurrentVersion.targets(5381,5): warning MSB3026: Could not copy "E:\NET202_CT\Manage-KPI-or-OKR-System\obj\Debug\net10.0\apphost.exe" to "bin\Debug\net10.0\Manage-KPI-or-OKR-System.exe". Beginning retry 1 in 1000ms. The process cannot access the file 'E:\NET202_CT\Manage-KPI-or-OKR-System\bin\Debug\net10.0\Manage-KPI-or-OKR-System.exe' because it is being used by another process. The file is locked by: "Manage-KPI-or-OKR-System (19460)" [E:\NET202_CT\Manage-KPI-or-OKR-System\Manage-KPI-or-OKR-System.csproj]
C:\Program Files\dotnet\sdk\10.0.102\Microsoft.Common.CurrentVersion.targets(5381,5): warning MSB3026: Could not copy "E:\NET202_CT\Manage-KPI-or-OKR-System\obj\Debug\net10.0\apphost.exe" to "bin\Debug\net10.0\Manage-KPI-or-OKR-System.exe". Beginning retry 2 in 1000ms. The process cannot access the file 'E:\NET202_CT\Manage-KPI-or-OKR-System\bin\Debug\net10.0\Manage-KPI-or-OKR-System.exe' because it is being used by another process. The file is locked by: "Manage-KPI-or-OKR-System (19460)" [E:\NET202_CT\Manage-KPI-or-OKR-System\Manage-KPI-or-OKR-System.csproj]
C:\Program Files\dotnet\sdk\10.0.102\Microsoft.Common.CurrentVersion.targets(5381,5): warning MSB3026: Could not copy "E:\NET202_CT\Manage-KPI-or-OKR-System\obj\Debug\net10.0\apphost.exe" to "bin\Debug\net10.0\Manage-KPI-or-OKR-System.exe". Beginning retry 3 in 1000ms. The process cannot access the file 'E:\NET202_CT\Manage-KPI-or-OKR-System\bin\Debug\net10.0\Manage-KPI-or-OKR-System.exe' because it is being used by another process. The file is locked by: "Manage-KPI-or-OKR-System (19460)" [E:\NET202_CT\Manage-KPI-or-OKR-System\Manage-KPI-or-OKR-System.csproj]
C:\Program Files\dotnet\sdk\10.0.102\Microsoft.Common.CurrentVersion.targets(5381,5): warning MSB3026: Could not copy "E:\NET202_CT\Manage-KPI-or-OKR-System\obj\Debug\net10.0\apphost.exe" to "bin\Debug\net10.0\Manage-KPI-or-OKR-System.exe". Beginning retry 4 in 1000ms. The process cannot access the file 'E:\NET202_CT\Manage-KPI-or-OKR-System\bin\Debug\net10.0\Manage-KPI-or-OKR-System.exe' because it is being used by another process. The file is locked by: "Manage-KPI-or-OKR-System (19460)" [E:\NET202_CT\Manage-KPI-or-OKR-System\Manage-KPI-or-OKR-System.csproj]
C:\Program Files\dotnet\sdk\10.0.102\Microsoft.Common.CurrentVersion.targets(5381,5): warning MSB3026: Could not copy "E:\NET202_CT\Manage-KPI-or-OKR-System\obj\Debug\net10.0\apphost.exe" to "bin\Debug\net10.0\Manage-KPI-or-OKR-System.exe". Beginning retry 5 in 1000ms. The process cannot access the file 'E:\NET202_CT\Manage-KPI-or-OKR-System\bin\Debug\net10.0\Manage-KPI-or-OKR-System.exe' because it is being used by another process. The file is locked by: "Manage-KPI-or-OKR-System (19460)" [E:\NET202_CT\Manage-KPI-or-OKR-System\Manage-KPI-or-OKR-System.csproj]
C:\Program Files\dotnet\sdk\10.0.102\Microsoft.Common.CurrentVersion.targets(5381,5): warning MSB3026: Could not copy "E:\NET202_CT\Manage-KPI-or-OKR-System\obj\Debug\net10.0\apphost.exe" to "bin\Debug\net10.0\Manage-KPI-or-OKR-System.exe". Beginning retry 6 in 1000ms. The process cannot access the file 'E:\NET202_CT\Manage-KPI-or-OKR-System\bin\Debug\net10.0\Manage-KPI-or-OKR-System.exe' because it is being used by another process. The file is locked by: "Manage-KPI-or-OKR-System (19460)" [E:\NET202_CT\Manage-KPI-or-OKR-System\Manage-KPI-or-OKR-System.csproj]
C:\Program Files\dotnet\sdk\10.0.102\Microsoft.Common.CurrentVersion.targets(5381,5): warning MSB3026: Could not copy "E:\NET202_CT\Manage-KPI-or-OKR-System\obj\Debug\net10.0\apphost.exe" to "bin\Debug\net10.0\Manage-KPI-or-OKR-System.exe". Beginning retry 7 in 1000ms. The process cannot access the file 'E:\NET202_CT\Manage-KPI-or-OKR-System\bin\Debug\net10.0\Manage-KPI-or-OKR-System.exe' because it is being used by another process. The file is locked by: "Manage-KPI-or-OKR-System (19460)" [E:\NET202_CT\Manage-KPI-or-OKR-System\Manage-KPI-or-OKR-System.csproj]
C:\Program Files\dotnet\sdk\10.0.102\Microsoft.Common.CurrentVersion.targets(5381,5): warning MSB3026: Could not copy "E:\NET202_CT\Manage-KPI-or-OKR-System\obj\Debug\net10.0\apphost.exe" to "bin\Debug\net10.0\Manage-KPI-or-OKR-System.exe". Beginning retry 8 in 1000ms. The process cannot access the file 'E:\NET202_CT\Manage-KPI-or-OKR-System\bin\Debug\net10.0\Manage-KPI-or-OKR-System.exe' because it is being used by another process. The file is locked by: "Manage-KPI-or-OKR-System (19460)" [E:\NET202_CT\Manage-KPI-or-OKR-System\Manage-KPI-or-OKR-System.csproj]
C:\Program Files\dotnet\sdk\10.0.102\Microsoft.Common.CurrentVersion.targets(5381,5): warning MSB3026: Could not copy "E:\NET202_CT\Manage-KPI-or-OKR-System\obj\Debug\net10.0\apphost.exe" to "bin\Debug\net10.0\Manage-KPI-or-OKR-System.exe". Beginning retry 9 in 1000ms. The process cannot access the file 'E:\NET202_CT\Manage-KPI-or-OKR-System\bin\Debug\net10.0\Manage-KPI-or-OKR-System.exe' because it is being used by another process. The file is locked by: "Manage-KPI-or-OKR-System (19460)" [E:\NET202_CT\Manage-KPI-or-OKR-System\Manage-KPI-or-OKR-System.csproj]
C:\Program Files\dotnet\sdk\10.0.102\Microsoft.Common.CurrentVersion.targets(5381,5): warning MSB3026: Could not copy "E:\NET202_CT\Manage-KPI-or-OKR-System\obj\Debug\net10.0\apphost.exe" to "bin\Debug\net10.0\Manage-KPI-or-OKR-System.exe". Beginning retry 10 in 1000ms. The process cannot access the file 'E:\NET202_CT\Manage-KPI-or-OKR-System\bin\Debug\net10.0\Manage-KPI-or-OKR-System.exe' because it is being used by another process. The file is locked by: "Manage-KPI-or-OKR-System (19460)" [E:\NET202_CT\Manage-KPI-or-OKR-System\Manage-KPI-or-OKR-System.csproj]
C:\Program Files\dotnet\sdk\10.0.102\Microsoft.Common.CurrentVersion.targets(5381,5): error MSB3027: Could not copy "E:\NET202_CT\Manage-KPI-or-OKR-System\obj\Debug\net10.0\apphost.exe" to "bin\Debug\net10.0\Manage-KPI-or-OKR-System.exe". Exceeded retry count of 10. Failed. The file is locked by: "Manage-KPI-or-OKR-System (19460)" [E:\NET202_CT\Manage-KPI-or-OKR-System\Manage-KPI-or-OKR-System.csproj]
C:\Program Files\dotnet\sdk\10.0.102\Microsoft.Common.CurrentVersion.targets(5381,5): error MSB3021: Unable to copy file "E:\NET202_CT\Manage-KPI-or-OKR-System\obj\Debug\net10.0\apphost.exe" to "bin\Debug\net10.0\Manage-KPI-or-OKR-System.exe". The process cannot access the file 'E:\NET202_CT\Manage-KPI-or-OKR-System\bin\Debug\net10.0\Manage-KPI-or-OKR-System.exe' because it is being used by another process. [E:\NET202_CT\Manage-KPI-or-OKR-System\Manage-KPI-or-OKR-System.csproj]

Build FAILED.

E:\NET202_CT\Manage-KPI-or-OKR-System\Migrations\20260406021200_database.cs(8,26): warning CS8981: The type name 'database' only contains lower-cased ascii characters. Such names may become reserved for the language. [E:\NET202_CT\Manage-KPI-or-OKR-System\Manage-KPI-or-OKR-System.csproj]
E:\NET202_CT\Manage-KPI-or-OKR-System\Migrations\20260406021200_database.Designer.cs(16,19): warning CS8981: The type name 'database' only contains lower-cased ascii characters. Such names may become reserved for the language. [E:\NET202_CT\Manage-KPI-or-OKR-System\Manage-KPI-or-OKR-System.csproj]
E:\NET202_CT\Manage-KPI-or-OKR-System\Controllers\EvaluationPeriodsController.cs(114,33): warning CS8629: Nullable value type may be null. [E:\NET202_CT\Manage-KPI-or-OKR-System\Manage-KPI-or-OKR-System.csproj]
E:\NET202_CT\Manage-KPI-or-OKR-System\Controllers\EvaluationPeriodsController.cs(114,55): warning CS8629: Nullable value type may be null. [E:\NET202_CT\Manage-KPI-or-OKR-System\Manage-KPI-or-OKR-System.csproj]
E:\NET202_CT\Manage-KPI-or-OKR-System\Views\OKRs\Create.cshtml(74,70): warning CS8602: Dereference of a possibly null reference. [E:\NET202_CT\Manage-KPI-or-OKR-System\Manage-KPI-or-OKR-System.csproj]
E:\NET202_CT\Manage-KPI-or-OKR-System\Views\OKRs\Create.cshtml(119,67): warning CS8602: Dereference of a possibly null reference. [E:\NET202_CT\Manage-KPI-or-OKR-System\Manage-KPI-or-OKR-System.csproj]
E:\NET202_CT\Manage-KPI-or-OKR-System\Views\OKRs\Create.cshtml(138,67): warning CS8602: Dereference of a possibly null reference. [E:\NET202_CT\Manage-KPI-or-OKR-System\Manage-KPI-or-OKR-System.csproj]
E:\NET202_CT\Manage-KPI-or-OKR-System\Views\OKRs\Create.cshtml(157,67): warning CS8602: Dereference of a possibly null reference. [E:\NET202_CT\Manage-KPI-or-OKR-System\Manage-KPI-or-OKR-System.csproj]
C:\Program Files\dotnet\sdk\10.0.102\Microsoft.Common.CurrentVersion.targets(5381,5): warning MSB3026: Could not copy "E:\NET202_CT\Manage-KPI-or-OKR-System\obj\Debug\net10.0\apphost.exe" to "bin\Debug\net10.0\Manage-KPI-or-OKR-System.exe". Beginning retry 1 in 1000ms. The process cannot access the file 'E:\NET202_CT\Manage-KPI-or-OKR-System\bin\Debug\net10.0\Manage-KPI-or-OKR-System.exe' because it is being used by another process. The file is locked by: "Manage-KPI-or-OKR-System (19460)" [E:\NET202_CT\Manage-KPI-or-OKR-System\Manage-KPI-or-OKR-System.csproj]
C:\Program Files\dotnet\sdk\10.0.102\Microsoft.Common.CurrentVersion.targets(5381,5): warning MSB3026: Could not copy "E:\NET202_CT\Manage-KPI-or-OKR-System\obj\Debug\net10.0\apphost.exe" to "bin\Debug\net10.0\Manage-KPI-or-OKR-System.exe". Beginning retry 2 in 1000ms. The process cannot access the file 'E:\NET202_CT\Manage-KPI-or-OKR-System\bin\Debug\net10.0\Manage-KPI-or-OKR-System.exe' because it is being used by another process. The file is locked by: "Manage-KPI-or-OKR-System (19460)" [E:\NET202_CT\Manage-KPI-or-OKR-System\Manage-KPI-or-OKR-System.csproj]
C:\Program Files\dotnet\sdk\10.0.102\Microsoft.Common.CurrentVersion.targets(5381,5): warning MSB3026: Could not copy "E:\NET202_CT\Manage-KPI-or-OKR-System\obj\Debug\net10.0\apphost.exe" to "bin\Debug\net10.0\Manage-KPI-or-OKR-System.exe". Beginning retry 3 in 1000ms. The process cannot access the file 'E:\NET202_CT\Manage-KPI-or-OKR-System\bin\Debug\net10.0\Manage-KPI-or-OKR-System.exe' because it is being used by another process. The file is locked by: "Manage-KPI-or-OKR-System (19460)" [E:\NET202_CT\Manage-KPI-or-OKR-System\Manage-KPI-or-OKR-System.csproj]
C:\Program Files\dotnet\sdk\10.0.102\Microsoft.Common.CurrentVersion.targets(5381,5): warning MSB3026: Could not copy "E:\NET202_CT\Manage-KPI-or-OKR-System\obj\Debug\net10.0\apphost.exe" to "bin\Debug\net10.0\Manage-KPI-or-OKR-System.exe". Beginning retry 4 in 1000ms. The process cannot access the file 'E:\NET202_CT\Manage-KPI-or-OKR-System\bin\Debug\net10.0\Manage-KPI-or-OKR-System.exe' because it is being used by another process. The file is locked by: "Manage-KPI-or-OKR-System (19460)" [E:\NET202_CT\Manage-KPI-or-OKR-System\Manage-KPI-or-OKR-System.csproj]
C:\Program Files\dotnet\sdk\10.0.102\Microsoft.Common.CurrentVersion.targets(5381,5): warning MSB3026: Could not copy "E:\NET202_CT\Manage-KPI-or-OKR-System\obj\Debug\net10.0\apphost.exe" to "bin\Debug\net10.0\Manage-KPI-or-OKR-System.exe". Beginning retry 5 in 1000ms. The process cannot access the file 'E:\NET202_CT\Manage-KPI-or-OKR-System\bin\Debug\net10.0\Manage-KPI-or-OKR-System.exe' because it is being used by another process. The file is locked by: "Manage-KPI-or-OKR-System (19460)" [E:\NET202_CT\Manage-KPI-or-OKR-System\Manage-KPI-or-OKR-System.csproj]
C:\Program Files\dotnet\sdk\10.0.102\Microsoft.Common.CurrentVersion.targets(5381,5): warning MSB3026: Could not copy "E:\NET202_CT\Manage-KPI-or-OKR-System\obj\Debug\net10.0\apphost.exe" to "bin\Debug\net10.0\Manage-KPI-or-OKR-System.exe". Beginning retry 6 in 1000ms. The process cannot access the file 'E:\NET202_CT\Manage-KPI-or-OKR-System\bin\Debug\net10.0\Manage-KPI-or-OKR-System.exe' because it is being used by another process. The file is locked by: "Manage-KPI-or-OKR-System (19460)" [E:\NET202_CT\Manage-KPI-or-OKR-System\Manage-KPI-or-OKR-System.csproj]
C:\Program Files\dotnet\sdk\10.0.102\Microsoft.Common.CurrentVersion.targets(5381,5): warning MSB3026: Could not copy "E:\NET202_CT\Manage-KPI-or-OKR-System\obj\Debug\net10.0\apphost.exe" to "bin\Debug\net10.0\Manage-KPI-or-OKR-System.exe". Beginning retry 7 in 1000ms. The process cannot access the file 'E:\NET202_CT\Manage-KPI-or-OKR-System\bin\Debug\net10.0\Manage-KPI-or-OKR-System.exe' because it is being used by another process. The file is locked by: "Manage-KPI-or-OKR-System (19460)" [E:\NET202_CT\Manage-KPI-or-OKR-System\Manage-KPI-or-OKR-System.csproj]
C:\Program Files\dotnet\sdk\10.0.102\Microsoft.Common.CurrentVersion.targets(5381,5): warning MSB3026: Could not copy "E:\NET202_CT\Manage-KPI-or-OKR-System\obj\Debug\net10.0\apphost.exe" to "bin\Debug\net10.0\Manage-KPI-or-OKR-System.exe". Beginning retry 8 in 1000ms. The process cannot access the file 'E:\NET202_CT\Manage-KPI-or-OKR-System\bin\Debug\net10.0\Manage-KPI-or-OKR-System.exe' because it is being used by another process. The file is locked by: "Manage-KPI-or-OKR-System (19460)" [E:\NET202_CT\Manage-KPI-or-OKR-System\Manage-KPI-or-OKR-System.csproj]
C:\Program Files\dotnet\sdk\10.0.102\Microsoft.Common.CurrentVersion.targets(5381,5): warning MSB3026: Could not copy "E:\NET202_CT\Manage-KPI-or-OKR-System\obj\Debug\net10.0\apphost.exe" to "bin\Debug\net10.0\Manage-KPI-or-OKR-System.exe". Beginning retry 9 in 1000ms. The process cannot access the file 'E:\NET202_CT\Manage-KPI-or-OKR-System\bin\Debug\net10.0\Manage-KPI-or-OKR-System.exe' because it is being used by another process. The file is locked by: "Manage-KPI-or-OKR-System (19460)" [E:\NET202_CT\Manage-KPI-or-OKR-System\Manage-KPI-or-OKR-System.csproj]
C:\Program Files\dotnet\sdk\10.0.102\Microsoft.Common.CurrentVersion.targets(5381,5): warning MSB3026: Could not copy "E:\NET202_CT\Manage-KPI-or-OKR-System\obj\Debug\net10.0\apphost.exe" to "bin\Debug\net10.0\Manage-KPI-or-OKR-System.exe". Beginning retry 10 in 1000ms. The process cannot access the file 'E:\NET202_CT\Manage-KPI-or-OKR-System\bin\Debug\net10.0\Manage-KPI-or-OKR-System.exe' because it is being used by another process. The file is locked by: "Manage-KPI-or-OKR-System (19460)" [E:\NET202_CT\Manage-KPI-or-OKR-System\Manage-KPI-or-OKR-System.csproj]
C:\Program Files\dotnet\sdk\10.0.102\Microsoft.Common.CurrentVersion.targets(5381,5): error MSB3027: Could not copy "E:\NET202_CT\Manage-KPI-or-OKR-System\obj\Debug\net10.0\apphost.exe" to "bin\Debug\net10.0\Manage-KPI-or-OKR-System.exe". Exceeded retry count of 10. Failed. The file is locked by: "Manage-KPI-or-OKR-System (19460)" [E:\NET202_CT\Manage-KPI-or-OKR-System\Manage-KPI-or-OKR-System.csproj]
C:\Program Files\dotnet\sdk\10.0.102\Microsoft.Common.CurrentVersion.targets(5381,5): error MSB3021: Unable to copy file "E:\NET202_CT\Manage-KPI-or-OKR-System\obj\Debug\net10.0\apphost.exe" to "bin\Debug\net10.0\Manage-KPI-or-OKR-System.exe". The process cannot access the file 'E:\NET202_CT\Manage-KPI-or-OKR-System\bin\Debug\net10.0\Manage-KPI-or-OKR-System.exe' because it is being used by another process. [E:\NET202_CT\Manage-KPI-or-OKR-System\Manage-KPI-or-OKR-System.csproj]
    18 Warning(s)
    2 Error(s)

Time Elapsed 00:00:20.51
